  Determining projects to restore...
D:\Sportive.API\Sportive.API.csproj : warning NU1900: Error occurred while getting package vulnerability data: There is not enough space on the disk. : 'C:\Users\Abdullah\AppData\Local\NuGet\v3-cache\670c1461c29885f9aa22c281d8b7da90845b38e4$ps_api.nuget.org_v3_index.json\vuln_data_base.dat-new'.
  All projects are up-to-date for restore.
D:\Sportive.API\Sportive.API.csproj : warning NU1900: Error occurred while getting package vulnerability data: There is not enough space on the disk. : 'C:\Users\Abdullah\AppData\Local\NuGet\v3-cache\670c1461c29885f9aa22c281d8b7da90845b38e4$ps_api.nuget.org_v3_index.json\vuln_data_base.dat-new'.
